
> engineering-knowledge-base@1.0.0 build
> DOCUSAURUS_IGNORE_SSG_WARNINGS=true docusaurus build


 ------------------------------------------------------------------------------                                                                                                         Update available 3.10.0 → 3.10.1                                                                                                                To upgrade Docusaurus packages with the latest version, run the                                       following command:                                            `npm i @docusaurus/core@latest @docusaurus/faster@latest                @docusaurus/plugin-google-gtag@latest @docusaurus/preset-classic@latest`                                                                                     ------------------------------------------------------------------------------ 

[INFO] [en] Creating an optimized production build...
[ERROR] Loading of version failed for version current

[ERROR] Error: Unable to build website for locale en.
    at tryToBuildLocale (/Users/lukhuong/Desktop/docusaurus-knowledge-base-template/node_modules/@docusaurus/core/lib/commands/build/build.js:76:15)
    at async /Users/lukhuong/Desktop/docusaurus-knowledge-base-template/node_modules/@docusaurus/core/lib/commands/build/build.js:34:9
    at async mapAsyncSequential (/Users/lukhuong/Desktop/docusaurus-knowledge-base-template/node_modules/@docusaurus/utils/lib/jsUtils.js:21:24)
    at async Command.build (/Users/lukhuong/Desktop/docusaurus-knowledge-base-template/node_modules/@docusaurus/core/lib/commands/build/build.js:33:5)
    at async Promise.all (index 0)
    at async runCLI (/Users/lukhuong/Desktop/docusaurus-knowledge-base-template/node_modules/@docusaurus/core/lib/commands/cli.js:56:5)
    at async file:///Users/lukhuong/Desktop/docusaurus-knowledge-base-template/node_modules/@docusaurus/core/bin/docusaurus.mjs:44:3 {
  [cause]: Error: Invalid sidebar file at "sidebars.ts".
  These sidebar document ids do not exist:
  - technical-knowledge/system-design/message-queues-detailed
  
  Available document ids are:
  - books/building-microservice/chapter-01
  - books/building-microservice/chapter-02
  - books/building-microservice/chapter-03
  - books/building-microservice/chapter-04
  - books/building-microservice/chapter-05
  - books/building-microservice/chapter-06
  - books/building-microservice/chapter-07
  - books/building-microservice/chapter-08
  - books/building-microservice/chapter-09
  - books/building-microservice/chapter-10
  - books/building-microservice/chapter-11
  - books/building-microservice/chapter-12
  - books/building-microservice/chapter-13
  - books/building-microservice/chapter-14
  - books/building-microservice/chapter-15
  - books/building-microservice/chapter-16
  - books/building-microservice/intro
  - books/clean-architecture/intro
  - books/clean-architecture/part1-introduction/chapter-01-design-and-architecture
  - books/clean-architecture/part1-introduction/chapter-02-two-values
  - books/clean-architecture/part2-programming-paradigms/chapter-03-paradigm-overview
  - books/clean-architecture/part2-programming-paradigms/chapter-04-structured-programming
  - books/clean-architecture/part2-programming-paradigms/chapter-05-oop
  - books/clean-architecture/part2-programming-paradigms/chapter-06-functional-programming
  - books/clean-architecture/part3-design-principles/chapter-07-srp
  - books/clean-architecture/part3-design-principles/chapter-08-ocp
  - books/clean-architecture/part3-design-principles/chapter-09-lsp
  - books/clean-architecture/part3-design-principles/chapter-10-isp
  - books/clean-architecture/part3-design-principles/chapter-11-dip
  - books/clean-architecture/part4-component-principles/chapter-12-components
  - books/clean-architecture/part4-component-principles/chapter-13-component-cohesion
  - books/clean-architecture/part4-component-principles/chapter-14-component-coupling
  - books/clean-architecture/part5-architecture/chapter-15-what-is-architecture
  - books/clean-architecture/part5-architecture/chapter-16-independence
  - books/clean-architecture/part5-architecture/chapter-17-20-boundaries
  - books/clean-architecture/part5-architecture/chapter-21-25-screaming-clean
  - books/clean-architecture/part5-architecture/chapter-27-29-services-testing
  - books/clean-architecture/part6-details/chapter-30-32-details
  - books/clean-architecture/part6-details/chapter-33-34-case-study
  - books/clean-code/chapter-01-clean-code
  - books/clean-code/chapter-02-meaningful-names
  - books/clean-code/chapter-03-functions
  - books/clean-code/chapter-04-comments
  - books/clean-code/chapter-05-formatting
  - books/clean-code/chapter-06-objects-data-structures
  - books/clean-code/chapter-07-error-handling
  - books/clean-code/chapter-08-boundaries
  - books/clean-code/chapter-09-unit-tests
  - books/clean-code/chapter-10-classes
  - books/clean-code/chapter-11-systems
  - books/clean-code/chapter-12-emergence
  - books/clean-code/chapter-13-concurrency
  - books/clean-code/chapter-14-successive-refinement
  - books/clean-code/chapter-15-junit-internals
  - books/clean-code/chapter-16-refactoring-serialdate
  - books/clean-code/chapter-17-smells-and-heuristics
  - books/clean-code/intro
  - books/ddia/intro
  - books/ddia/part1-foundations/chapter-01
  - books/ddia/part1-foundations/chapter-02
  - books/ddia/part1-foundations/chapter-03
  - books/ddia/part1-foundations/chapter-04
  - books/ddia/part2-distributed-data/chapter-05
  - books/ddia/part2-distributed-data/chapter-06
  - books/ddia/part2-distributed-data/chapter-07
  - books/ddia/part2-distributed-data/chapter-08
  - books/ddia/part2-distributed-data/chapter-09
  - books/ddia/part3-derived-data/chapter-10
  - books/ddia/part3-derived-data/chapter-11
  - books/ddia/part3-derived-data/chapter-12
  - books/effective-java/chapter-02-creating-destroying-objects
  - books/effective-java/chapter-03-methods-common-to-all-objects
  - books/effective-java/chapter-04-classes-and-interfaces
  - books/effective-java/chapter-05-generics
  - books/effective-java/chapter-06-enums-and-annotations
  - books/effective-java/chapter-07-lambdas-and-streams
  - books/effective-java/chapter-08-methods
  - books/effective-java/chapter-09-general-programming
  - books/effective-java/chapter-10-exceptions
  - books/effective-java/chapter-11-concurrency
  - books/effective-java/chapter-12-serialization
  - books/effective-java/introduction
  - books/effective-java/items-index
  - books/ocp/chapters/chapter-01
  - books/ocp/chapters/chapter-02
  - books/ocp/chapters/chapter-03
  - books/ocp/chapters/chapter-04
  - books/ocp/chapters/chapter-05
  - books/ocp/chapters/chapter-06
  - books/ocp/chapters/chapter-07
  - books/ocp/chapters/chapter-08
  - books/ocp/chapters/chapter-09
  - books/ocp/chapters/chapter-10
  - books/ocp/chapters/chapter-11
  - books/ocp/chapters/chapter-12
  - books/ocp/chapters/chapter-13
  - books/ocp/chapters/chapter-14
  - books/ocp/exam-tips
  - books/ocp/intro
  - intro
  - non-technical-knowledge/sdlc/deployment/roll-backward
  - non-technical-knowledge/sdlc/deployment/roll-forward
  - non-technical-knowledge/sdlc/intro
  - non-technical-knowledge/sdlc/phases/deployment
  - non-technical-knowledge/sdlc/phases/development
  - non-technical-knowledge/sdlc/phases/maintenance
  - non-technical-knowledge/sdlc/phases/planning
  - non-technical-knowledge/sdlc/phases/requirements
  - non-technical-knowledge/sdlc/phases/system-design
  - non-technical-knowledge/sdlc/phases/testing
  - non-technical-knowledge/sdlc/reports/test-summary-report
  - non-technical-knowledge/sdlc/testing/component-performance-testing
  - non-technical-knowledge/sdlc/testing/end-to-end-testing
  - non-technical-knowledge/sdlc/testing/inflight-testing
  - non-technical-knowledge/sdlc/testing/integration-testing
  - non-technical-knowledge/sdlc/testing/regression-testing
  - non-technical-knowledge/sdlc/testing/unit-testing
  - premium/company/accenture-java-developer-interview-16lpa
  - premium/company/accenture-java-developer-interview-questions
  - premium/company/accenture-java-interview
  - premium/company/airtel-java-developer-interview-questions
  - premium/company/capgemini-java-developer-interview-questions
  - premium/company/coforge-java-developer-interview-22lpa
  - premium/company/cognizant-fresher-java-developer-interview
  - premium/company/deloitte-java-developer-interview-17lpa
  - premium/company/deloitte-java-developer-interview-questions
  - premium/company/epam-java-developer-interview-22lpa
  - premium/company/hashedin-java-developer-interview-questions
  - premium/company/hcl-java-fullstack-developer-interview
  - premium/company/ibm-java-developer-interview-experience
  - premium/company/infosys-java-developer-interview-17lpa
  - premium/company/java-developer-interview-iris
  - premium/company/ltimindtree-java-developer-interview-questions
  - premium/company/nagarro-java-developer-interview-questions
  - premium/company/ntt-data-java-developer-interview
  - premium/company/oracle-java-developer-interview-questions
  - premium/company/paytm-java-developer-interview-questions
  - premium/company/pwc-java-developer-interview-questions
  - premium/company/tcs-java-developer-interview-13lpa
  - premium/company/tech-mahindra-java-developer-interview
  - premium/company/walmart-java-developer-interview-30lpa
  - premium/company/wipro-fullstack-java-developer-interview
  - premium/company/wipro-java-developer-interview-questions
  - premium/intro
  - suggestions
  - technical-knowledge/aws/api-gateway/index
  - technical-knowledge/aws/appsync
  - technical-knowledge/aws/aws-sdk-java
  - technical-knowledge/aws/beanstalk/index
  - technical-knowledge/aws/cicd/code-build
  - technical-knowledge/aws/cicd/code-deploy
  - technical-knowledge/aws/cicd/code-pipeline
  - technical-knowledge/aws/cicd/index
  - technical-knowledge/aws/cloudformation/cloudfront
  - technical-knowledge/aws/cloudformation/index
  - technical-knowledge/aws/cloudformation/sam
  - technical-knowledge/aws/containers/ecs-ecr
  - technical-knowledge/aws/dva-c02-roadmap
  - technical-knowledge/aws/dynamodb/advanced
  - technical-knowledge/aws/dynamodb/index
  - technical-knowledge/aws/elasticache/index
  - technical-knowledge/aws/exam-tips
  - technical-knowledge/aws/iam/cognito
  - technical-knowledge/aws/iam/iam-advanced
  - technical-knowledge/aws/iam/index
  - technical-knowledge/aws/lambda/index
  - technical-knowledge/aws/lambda/layers-and-versions
  - technical-knowledge/aws/messaging/kinesis
  - technical-knowledge/aws/messaging/sns
  - technical-knowledge/aws/messaging/sqs
  - technical-knowledge/aws/mock-exam
  - technical-knowledge/aws/monitoring/cloudtrail
  - technical-knowledge/aws/monitoring/cloudwatch
  - technical-knowledge/aws/monitoring/x-ray
  - technical-knowledge/aws/overview
  - technical-knowledge/aws/rds-aurora
  - technical-knowledge/aws/s3/advanced
  - technical-knowledge/aws/s3/index
  - technical-knowledge/aws/security/kms
  - technical-knowledge/aws/security/secrets-manager
  - technical-knowledge/aws/security/ssm-parameter-store
  - technical-knowledge/aws/serverless-patterns
  - technical-knowledge/aws/step-functions/index
  - technical-knowledge/aws/vpc-for-developers
  - technical-knowledge/banking/README
  - technical-knowledge/banking/account_types
  - technical-knowledge/banking/aml_kyc
  - technical-knowledge/banking/banking_roles
  - technical-knowledge/banking/bpay
  - technical-knowledge/banking/camt053
  - technical-knowledge/banking/camt054
  - technical-knowledge/banking/camt055_camt056
  - technical-knowledge/banking/cards
  - technical-knowledge/banking/clearing
  - technical-knowledge/banking/core_banking
  - technical-knowledge/banking/credit_post
  - technical-knowledge/banking/debit_post
  - technical-knowledge/banking/debit_reversal
  - technical-knowledge/banking/debtor
  - technical-knowledge/banking/direct_debit
  - technical-knowledge/banking/fis
  - technical-knowledge/banking/fraud
  - technical-knowledge/banking/fx
  - technical-knowledge/banking/glossary
  - technical-knowledge/banking/inbound
  - technical-knowledge/banking/interest_fees
  - technical-knowledge/banking/iso20022_migration
  - technical-knowledge/banking/npp
  - technical-knowledge/banking/offus
  - technical-knowledge/banking/onus
  - technical-knowledge/banking/open_banking
  - technical-knowledge/banking/outbound
  - technical-knowledge/banking/overview
  - technical-knowledge/banking/pacs002
  - technical-knowledge/banking/pacs004
  - technical-knowledge/banking/pacs008
  - technical-knowledge/banking/pain001
  - technical-knowledge/banking/pain004
  - technical-knowledge/banking/pain007_pacs007
  - technical-knowledge/banking/payment_exceptions
  - technical-knowledge/banking/payment_lifecycle_101
  - technical-knowledge/banking/payment_return
  - technical-knowledge/banking/reconciliation
  - technical-knowledge/banking/sanction
  - technical-knowledge/banking/settlement
  - technical-knowledge/banking/swift
  - technical-knowledge/banking/testing_banking
  - technical-knowledge/coding-interview-prep/array/array
  - technical-knowledge/coding-interview-prep/backtracking/backtracking
  - technical-knowledge/coding-interview-prep/bfs/bfs
  - technical-knowledge/coding-interview-prep/binary-search/binary-search
  - technical-knowledge/coding-interview-prep/bit-manipulation/bit-manipulation
  - technical-knowledge/coding-interview-prep/dfs/dfs
  - technical-knowledge/coding-interview-prep/dynamic-programming/dynamic-programming
  - technical-knowledge/coding-interview-prep/graph/graph
  - technical-knowledge/coding-interview-prep/greedy/greedy
  - technical-knowledge/coding-interview-prep/heap/heap
  - technical-knowledge/coding-interview-prep/intervals/intervals
  - technical-knowledge/coding-interview-prep/intro
  - technical-knowledge/coding-interview-prep/intro/intro
  - technical-knowledge/coding-interview-prep/linked-list/linked-list
  - technical-knowledge/coding-interview-prep/matrices/matrices
  - technical-knowledge/coding-interview-prep/monotonic-stack/monotonic-stack
  - technical-knowledge/coding-interview-prep/prefix-sum/prefix-sum
  - technical-knowledge/coding-interview-prep/sliding-window/sliding-window
  - technical-knowledge/coding-interview-prep/sorting/sorting
  - technical-knowledge/coding-interview-prep/stack/stack
  - technical-knowledge/coding-interview-prep/tree/tree
  - technical-knowledge/coding-interview-prep/trie/trie
  - technical-knowledge/coding-interview-prep/two-pointers/two-pointers
  - technical-knowledge/coding-interview-prep/union-find/union-find
  - technical-knowledge/database/advanced-sql
  - technical-knowledge/database/backup-recovery
  - technical-knowledge/database/caching-strategies
  - technical-knowledge/database/data-warehousing-olap
  - technical-knowledge/database/database-design
  - technical-knowledge/database/database-overview
  - technical-knowledge/database/database-patterns-microservices
  - technical-knowledge/database/database-security
  - technical-knowledge/database/full-text-search
  - technical-knowledge/database/indexing-query-optimization
  - technical-knowledge/database/nosql-distributed
  - technical-knowledge/database/performance-monitoring
  - technical-knowledge/database/query-planner-optimizer
  - technical-knowledge/database/relational-fundamentals
  - technical-knowledge/database/replication-partitioning
  - technical-knowledge/database/schema-migrations
  - technical-knowledge/database/storage-engines-data-structures
  - technical-knowledge/database/time-series-databases
  - technical-knowledge/database/transactions-concurrency
  - technical-knowledge/design-patterns/abstract-factory
  - technical-knowledge/design-patterns/adapter
  - technical-knowledge/design-patterns/bridge
  - technical-knowledge/design-patterns/builder
  - technical-knowledge/design-patterns/chain-of-responsibility
  - technical-knowledge/design-patterns/command
  - technical-knowledge/design-patterns/composite
  - technical-knowledge/design-patterns/decorator
  - technical-knowledge/design-patterns/design-patterns-overview
  - technical-knowledge/design-patterns/facade
  - technical-knowledge/design-patterns/factory-method
  - technical-knowledge/design-patterns/flyweight
  - technical-knowledge/design-patterns/interpreter
  - technical-knowledge/design-patterns/iterator
  - technical-knowledge/design-patterns/mediator
  - technical-knowledge/design-patterns/memento
  - technical-knowledge/design-patterns/observer
  - technical-knowledge/design-patterns/prototype
  - technical-knowledge/design-patterns/proxy
  - technical-knowledge/design-patterns/singleton
  - technical-knowledge/design-patterns/state
  - technical-knowledge/design-patterns/strategy
  - technical-knowledge/design-patterns/template-method
  - technical-knowledge/design-patterns/visitor
  - technical-knowledge/devops/ansible
  - technical-knowledge/devops/devops-interview-questions
  - technical-knowledge/devops/devops-intro
  - technical-knowledge/devops/devops-observability
  - technical-knowledge/devops/docker-commands
  - technical-knowledge/devops/docker-compose
  - technical-knowledge/devops/docker-fundamentals
  - technical-knowledge/devops/docker-networking
  - technical-knowledge/devops/docker-volumes
  - technical-knowledge/devops/dockerfile
  - technical-knowledge/devops/gitops-argocd
  - technical-knowledge/devops/helm
  - technical-knowledge/devops/kubectl-commands
  - technical-knowledge/devops/kubernetes-configuration
  - technical-knowledge/devops/kubernetes-fundamentals
  - technical-knowledge/devops/kubernetes-networking
  - technical-knowledge/devops/kubernetes-operators
  - technical-knowledge/devops/kubernetes-pods
  - technical-knowledge/devops/kubernetes-storage
  - technical-knowledge/devops/kubernetes-workloads
  - technical-knowledge/devops/linux-for-devops
  - technical-knowledge/devops/terraform
  - technical-knowledge/devops/vm-docker-k8s-explained
  - technical-knowledge/dsa/20-week-dsa-roadmap-intro
  - technical-knowledge/dsa/leetcode-companywise/0-9/1kosmos
  - technical-knowledge/dsa/leetcode-companywise/0-9/6sense
  - technical-knowledge/dsa/leetcode-companywise/A/accelya
  - technical-knowledge/dsa/leetcode-companywise/A/accenture
  - technical-knowledge/dsa/leetcode-companywise/A/accolite
  - technical-knowledge/dsa/leetcode-companywise/A/acko
  - technical-knowledge/dsa/leetcode-companywise/A/acorns
  - technical-knowledge/dsa/leetcode-companywise/A/activision
  - technical-knowledge/dsa/leetcode-companywise/A/adobe
  - technical-knowledge/dsa/leetcode-companywise/A/adp
  - technical-knowledge/dsa/leetcode-companywise/A/aetion
  - technical-knowledge/dsa/leetcode-companywise/A/affinity
  - technical-knowledge/dsa/leetcode-companywise/A/affirm
  - technical-knowledge/dsa/leetcode-companywise/A/agoda
  - technical-knowledge/dsa/leetcode-companywise/A/airbnb
  - technical-knowledge/dsa/leetcode-companywise/A/airbus
  - technical-knowledge/dsa/leetcode-companywise/A/airtel
  - technical-knowledge/dsa/leetcode-companywise/A/airwallex
  - technical-knowledge/dsa/leetcode-companywise/A/akamai
  - technical-knowledge/dsa/leetcode-companywise/A/akuna-capital
  - technical-knowledge/dsa/leetcode-companywise/A/alibaba
  - technical-knowledge/dsa/leetcode-companywise/A/allincall
  - technical-knowledge/dsa/leetcode-companywise/A/alphonso
  - technical-knowledge/dsa/leetcode-companywise/A/alten
  - technical-knowledge/dsa/leetcode-companywise/A/altimetrik
  - technical-knowledge/dsa/leetcode-companywise/A/amadeus
  - technical-knowledge/dsa/leetcode-companywise/A/amazon
  - technical-knowledge/dsa/leetcode-companywise/A/amd
  - technical-knowledge/dsa/leetcode-companywise/A/amdocs
  - technical-knowledge/dsa/leetcode-companywise/A/american-airlines
  - technical-knowledge/dsa/leetcode-companywise/A/american-express
  - technical-knowledge/dsa/leetcode-companywise/A/amplitude
  - technical-knowledge/dsa/leetcode-companywise/A/analytics-quotient
  - technical-knowledge/dsa/leetcode-companywise/A/andela
  - technical-knowledge/dsa/leetcode-companywise/A/anduril
  - technical-knowledge/dsa/leetcode-companywise/A/anthropic
  - technical-knowledge/dsa/leetcode-companywise/A/anyscale
  - technical-knowledge/dsa/leetcode-companywise/A/aon
  - technical-knowledge/dsa/leetcode-companywise/A/apolloio
  - technical-knowledge/dsa/leetcode-companywise/A/appdynamics
  - technical-knowledge/dsa/leetcode-companywise/A/appfolio
  - technical-knowledge/dsa/leetcode-companywise/A/apple
  - technical-knowledge/dsa/leetcode-companywise/A/applied-intuition
  - technical-knowledge/dsa/leetcode-companywise/A/applovin
  - technical-knowledge/dsa/leetcode-companywise/A/aqr-capital-management-llc
  - technical-knowledge/dsa/leetcode-companywise/A/arcesium
  - technical-knowledge/dsa/leetcode-companywise/A/argo-ai
  - technical-knowledge/dsa/leetcode-companywise/A/arista-networks
  - technical-knowledge/dsa/leetcode-companywise/A/asana
  - technical-knowledge/dsa/leetcode-companywise/A/ascend
  - technical-knowledge/dsa/leetcode-companywise/A/at-t
  - technical-knowledge/dsa/leetcode-companywise/A/athenahealth
  - technical-knowledge/dsa/leetcode-companywise/A/atlassian
  - technical-knowledge/dsa/leetcode-companywise/A/attentive
  - technical-knowledge/dsa/leetcode-companywise/A/audible
  - technical-knowledge/dsa/leetcode-companywise/A/auriga
  - technical-knowledge/dsa/leetcode-companywise/A/aurora
  - technical-knowledge/dsa/leetcode-companywise/A/autodesk
  - technical-knowledge/dsa/leetcode-companywise/A/avalara
  - technical-knowledge/dsa/leetcode-companywise/A/avito
  - technical-knowledge/dsa/leetcode-companywise/A/axis-bank
  - technical-knowledge/dsa/leetcode-companywise/A/axon
  - technical-knowledge/dsa/leetcode-companywise/B/baidu
  - technical-knowledge/dsa/leetcode-companywise/B/bank-of-america
  - technical-knowledge/dsa/leetcode-companywise/B/barclays
  - technical-knowledge/dsa/leetcode-companywise/B/bcg
  - technical-knowledge/dsa/leetcode-companywise/B/bending-spoons
  - technical-knowledge/dsa/leetcode-companywise/B/bitgo
  - technical-knowledge/dsa/leetcode-companywise/B/blackbuck
  - technical-knowledge/dsa/leetcode-companywise/B/blackrock
  - technical-knowledge/dsa/leetcode-companywise/B/blackstone
  - technical-knowledge/dsa/leetcode-companywise/B/blend
  - technical-knowledge/dsa/leetcode-companywise/B/blinkit
  - technical-knowledge/dsa/leetcode-companywise/B/bloomberg
  - technical-knowledge/dsa/leetcode-companywise/B/bloomreach
  - technical-knowledge/dsa/leetcode-companywise/B/blue-origin
  - technical-knowledge/dsa/leetcode-companywise/B/bnp-paribas
  - technical-knowledge/dsa/leetcode-companywise/B/bny-mellon
  - technical-knowledge/dsa/leetcode-companywise/B/boeing
  - technical-knowledge/dsa/leetcode-companywise/B/bolt
  - technical-knowledge/dsa/leetcode-companywise/B/bookingcom
  - technical-knowledge/dsa/leetcode-companywise/B/box
  - technical-knowledge/dsa/leetcode-companywise/B/bp
  - technical-knowledge/dsa/leetcode-companywise/B/braze
  - technical-knowledge/dsa/leetcode-companywise/B/bridgewater-associates
  - technical-knowledge/dsa/leetcode-companywise/B/brillio
  - technical-knowledge/dsa/leetcode-companywise/B/broadcom
  - technical-knowledge/dsa/leetcode-companywise/B/browserstack
  - technical-knowledge/dsa/leetcode-companywise/B/bt-group
  - technical-knowledge/dsa/leetcode-companywise/B/buyhatke
  - technical-knowledge/dsa/leetcode-companywise/B/bytedance
  - technical-knowledge/dsa/leetcode-companywise/C/c3-ai
  - technical-knowledge/dsa/leetcode-companywise/C/cadence
  - technical-knowledge/dsa/leetcode-companywise/C/canonical
  - technical-knowledge/dsa/leetcode-companywise/C/canva
  - technical-knowledge/dsa/leetcode-companywise/C/capgemini
  - technical-knowledge/dsa/leetcode-companywise/C/capital-one
  - technical-knowledge/dsa/leetcode-companywise/C/careem
  - technical-knowledge/dsa/leetcode-companywise/C/cars24
  - technical-knowledge/dsa/leetcode-companywise/C/carwale
  - technical-knowledge/dsa/leetcode-companywise/C/cashfree
  - technical-knowledge/dsa/leetcode-companywise/C/caterpillar
  - technical-knowledge/dsa/leetcode-companywise/C/cerner
  - technical-knowledge/dsa/leetcode-companywise/C/chalo
  - technical-knowledge/dsa/leetcode-companywise/C/chargebee
  - technical-knowledge/dsa/leetcode-companywise/C/checkpoint
  - technical-knowledge/dsa/leetcode-companywise/C/chewy
  - technical-knowledge/dsa/leetcode-companywise/C/chime
  - technical-knowledge/dsa/leetcode-companywise/C/chubb
  - technical-knowledge/dsa/leetcode-companywise/C/ciena
  - technical-knowledge/dsa/leetcode-companywise/C/circle
  - technical-knowledge/dsa/leetcode-companywise/C/cisco
  - technical-knowledge/dsa/leetcode-companywise/C/citadel
  - technical-knowledge/dsa/leetcode-companywise/C/citi
  - technical-knowledge/dsa/leetcode-companywise/C/citrix
  - technical-knowledge/dsa/leetcode-companywise/C/clari
  - technical-knowledge/dsa/leetcode-companywise/C/cleartrip
  - technical-knowledge/dsa/leetcode-companywise/C/clevertap
  - technical-knowledge/dsa/leetcode-companywise/C/cloudera
  - technical-knowledge/dsa/leetcode-companywise/C/cloudflare
  - technical-knowledge/dsa/leetcode-companywise/C/clutter
  - technical-knowledge/dsa/leetcode-companywise/C/cme-group
  - technical-knowledge/dsa/leetcode-companywise/C/cockroach-labs
  - technical-knowledge/dsa/leetcode-companywise/C/code-studio
  - technical-knowledge/dsa/leetcode-companywise/C/cognizant
  - technical-knowledge/dsa/leetcode-companywise/C/cohesity
  - technical-knowledge/dsa/leetcode-companywise/C/coinbase
  - technical-knowledge/dsa/leetcode-companywise/C/coindcx
  - technical-knowledge/dsa/leetcode-companywise/C/coinswitch-kuber
  - technical-knowledge/dsa/leetcode-companywise/C/comcast
  - technical-knowledge/dsa/leetcode-companywise/C/commvault
  - technical-knowledge/dsa/leetcode-companywise/C/compass
  - technical-knowledge/dsa/leetcode-companywise/C/confluent
  - technical-knowledge/dsa/leetcode-companywise/C/couchbase
  - technical-knowledge/dsa/leetcode-companywise/C/coupa
  - technical-knowledge/dsa/leetcode-companywise/C/coupang
  - technical-knowledge/dsa/leetcode-companywise/C/coursera
  - technical-knowledge/dsa/leetcode-companywise/C/coveo
  - technical-knowledge/dsa/leetcode-companywise/C/cred
  - technical-knowledge/dsa/leetcode-companywise/C/credit-karma
  - technical-knowledge/dsa/leetcode-companywise/C/criteo
  - technical-knowledge/dsa/leetcode-companywise/C/crowdstrike
  - technical-knowledge/dsa/leetcode-companywise/C/cruise-automation
  - technical-knowledge/dsa/leetcode-companywise/C/ctc
  - technical-knowledge/dsa/leetcode-companywise/C/curefit
  - technical-knowledge/dsa/leetcode-companywise/C/cvent
  - technical-knowledge/dsa/leetcode-companywise/C/cyntexa
  - technical-knowledge/dsa/leetcode-companywise/C/cyware
  - technical-knowledge/dsa/leetcode-companywise/D/dailyhunt
  - technical-knowledge/dsa/leetcode-companywise/D/darwinbox
  - technical-knowledge/dsa/leetcode-companywise/D/dassault-sysetmes
  - technical-knowledge/dsa/leetcode-companywise/D/dataart
  - technical-knowledge/dsa/leetcode-companywise/D/databricks
  - technical-knowledge/dsa/leetcode-companywise/D/datadog
  - technical-knowledge/dsa/leetcode-companywise/D/dataminr
  - technical-knowledge/dsa/leetcode-companywise/D/de-shaw
  - technical-knowledge/dsa/leetcode-companywise/D/deepmind
  - technical-knowledge/dsa/leetcode-companywise/D/delhivery
  - technical-knowledge/dsa/leetcode-companywise/D/deliveroo
  - technical-knowledge/dsa/leetcode-companywise/D/dell
  - technical-knowledge/dsa/leetcode-companywise/D/deloitte
  - technical-knowledge/dsa/leetcode-companywise/D/deltax
  - technical-knowledge/dsa/leetcode-companywise/D/deutsche-bank
  - technical-knowledge/dsa/leetcode-companywise/D/devrev
  - technical-knowledge/dsa/leetcode-companywise/D/dialpad
  - technical-knowledge/dsa/leetcode-companywise/D/didi
  - technical-knowledge/dsa/leetcode-companywise/D/directi
  - technical-knowledge/dsa/leetcode-companywise/D/discord
  - technical-knowledge/dsa/leetcode-companywise/D/discovery
  - technical-knowledge/dsa/leetcode-companywise/D/disney
  - technical-knowledge/dsa/leetcode-companywise/D/dji
  - technical-knowledge/dsa/leetcode-companywise/D/docusign
  - technical-knowledge/dsa/leetcode-companywise/D/doordash
  - technical-knowledge/dsa/leetcode-companywise/D/dp-world
  - technical-knowledge/dsa/leetcode-companywise/D/drawbridge
  - technical-knowledge/dsa/leetcode-companywise/D/dream11
  - technical-knowledge/dsa/leetcode-companywise/D/dropbox
  - technical-knowledge/dsa/leetcode-companywise/D/druva
  - technical-knowledge/dsa/leetcode-companywise/D/drw
  - technical-knowledge/dsa/leetcode-companywise/D/dtcc
  - technical-knowledge/dsa/leetcode-companywise/D/dunzo
  - technical-knowledge/dsa/leetcode-companywise/D/duolingo
  - technical-knowledge/dsa/leetcode-companywise/E/earnin
  - technical-knowledge/dsa/leetcode-companywise/E/ebay
  - technical-knowledge/dsa/leetcode-companywise/E/edelweiss
  - technical-knowledge/dsa/leetcode-companywise/E/electronic-arts
  - technical-knowledge/dsa/leetcode-companywise/E/elitmus
  - technical-knowledge/dsa/leetcode-companywise/E/epam-systems
  - technical-knowledge/dsa/leetcode-companywise/E/epic-games
  - technical-knowledge/dsa/leetcode-companywise/E/epic-systems
  - technical-knowledge/dsa/leetcode-companywise/E/epifi
  - technical-knowledge/dsa/leetcode-companywise/E/equinix
  - technical-knowledge/dsa/leetcode-companywise/E/ericsson
  - technical-knowledge/dsa/leetcode-companywise/E/etsy
  - technical-knowledge/dsa/leetcode-companywise/E/expedia
  - technical-knowledge/dsa/leetcode-companywise/E/ey
  - technical-knowledge/dsa/leetcode-companywise/F/f5-networks
  - technical-knowledge/dsa/leetcode-companywise/F/factset
  - technical-knowledge/dsa/leetcode-companywise/F/factwise
  - technical-knowledge/dsa/leetcode-companywise/F/faire
  - technical-knowledge/dsa/leetcode-companywise/F/fallible
  - technical-knowledge/dsa/leetcode-companywise/F/fanatics
  - technical-knowledge/dsa/leetcode-companywise/F/fast
  - technical-knowledge/dsa/leetcode-companywise/F/fastenal
  - technical-knowledge/dsa/leetcode-companywise/F/fico
  - technical-knowledge/dsa/leetcode-companywise/F/fidelity
  - technical-knowledge/dsa/leetcode-companywise/F/fidessa
  - technical-knowledge/dsa/leetcode-companywise/F/figma
  - technical-knowledge/dsa/leetcode-companywise/F/fiverr
  - technical-knowledge/dsa/leetcode-companywise/F/fivetran
  - technical-knowledge/dsa/leetcode-companywise/F/flatiron-health
  - technical-knowledge/dsa/leetcode-companywise/F/fleetx
  - technical-knowledge/dsa/leetcode-companywise/F/flexera
  - technical-knowledge/dsa/leetcode-companywise/F/flexport
  - technical-knowledge/dsa/leetcode-companywise/F/flipkart
  - technical-knowledge/dsa/leetcode-companywise/F/ford
  - technical-knowledge/dsa/leetcode-companywise/F/fortinet
  - technical-knowledge/dsa/leetcode-companywise/F/forusall
  - technical-knowledge/dsa/leetcode-companywise/F/fourkites
  - technical-knowledge/dsa/leetcode-companywise/F/fpt
  - technical-knowledge/dsa/leetcode-companywise/F/fractal-analytics
  - technical-knowledge/dsa/leetcode-companywise/F/freecharge
  - technical-knowledge/dsa/leetcode-companywise/F/freshworks
  - technical-knowledge/dsa/leetcode-companywise/F/fynd
  - technical-knowledge/dsa/leetcode-companywise/G/gainsight
  - technical-knowledge/dsa/leetcode-companywise/G/gameskraft
  - technical-knowledge/dsa/leetcode-companywise/G/garena
  - technical-knowledge/dsa/leetcode-companywise/G/garmin
  - technical-knowledge/dsa/leetcode-companywise/G/gartner
  - technical-knowledge/dsa/leetcode-companywise/G/ge-digital
  - technical-knowledge/dsa/leetcode-companywise/G/ge-healthcare
  - technical-knowledge/dsa/leetcode-companywise/G/geico
  - technical-knowledge/dsa/leetcode-companywise/G/general-electric
  - technical-knowledge/dsa/leetcode-companywise/G/general-motors
  - technical-knowledge/dsa/leetcode-companywise/G/genpact
  - technical-knowledge/dsa/leetcode-companywise/G/gilt-groupe
  - technical-knowledge/dsa/leetcode-companywise/G/github
  - technical-knowledge/dsa/leetcode-companywise/G/glassdoor
  - technical-knowledge/dsa/leetcode-companywise/G/globallogic
  - technical-knowledge/dsa/leetcode-companywise/G/globant
  - technical-knowledge/dsa/leetcode-companywise/G/glovo
  - technical-knowledge/dsa/leetcode-companywise/G/godaddy
  - technical-knowledge/dsa/leetcode-companywise/G/gojek
  - technical-knowledge/dsa/leetcode-companywise/G/goldman-sachs
  - technical-knowledge/dsa/leetcode-companywise/G/google
  - technical-knowledge/dsa/leetcode-companywise/G/gopuff
  - technical-knowledge/dsa/leetcode-companywise/G/goto
  - technical-knowledge/dsa/leetcode-companywise/G/grab
  - technical-knowledge/dsa/leetcode-companywise/G/grammarly
  - technical-knowledge/dsa/leetcode-companywise/G/graviton
  - technical-knowledge/dsa/leetcode-companywise/G/groupon
  - technical-knowledge/dsa/leetcode-companywise/G/groww
  - technical-knowledge/dsa/leetcode-companywise/G/grubhub
  - technical-knowledge/dsa/leetcode-companywise/G/gsa-capital
  - technical-knowledge/dsa/leetcode-companywise/G/gsn-games
  - technical-knowledge/dsa/leetcode-companywise/G/guidewire
  - technical-knowledge/dsa/leetcode-companywise/G/gusto
  - technical-knowledge/dsa/leetcode-companywise/H/harness
  - technical-knowledge/dsa/leetcode-companywise/H/hashedin
  - technical-knowledge/dsa/leetcode-companywise/H/hbo
  - technical-knowledge/dsa/leetcode-companywise/H/hcl
  - technical-knowledge/dsa/leetcode-companywise/H/helix
  - technical-knowledge/dsa/leetcode-companywise/H/hertz
  - technical-knowledge/dsa/leetcode-companywise/H/highspot
  - technical-knowledge/dsa/leetcode-companywise/H/hilabs
  - technical-knowledge/dsa/leetcode-companywise/H/hive
  - technical-knowledge/dsa/leetcode-companywise/H/honey
  - technical-knowledge/dsa/leetcode-companywise/H/honeywell
  - technical-knowledge/dsa/leetcode-companywise/H/hopper
  - technical-knowledge/dsa/leetcode-companywise/H/hotstar
  - technical-knowledge/dsa/leetcode-companywise/H/houzz
  - technical-knowledge/dsa/leetcode-companywise/H/hp
  - technical-knowledge/dsa/leetcode-companywise/H/hpe
  - technical-knowledge/dsa/leetcode-companywise/H/hrt
  - technical-knowledge/dsa/leetcode-companywise/H/hsbc
  - technical-knowledge/dsa/leetcode-companywise/H/htc
  - technical-knowledge/dsa/leetcode-companywise/H/huawei
  - technical-knowledge/dsa/leetcode-companywise/H/hubspot
  - technical-knowledge/dsa/leetcode-companywise/H/hulu
  - technical-knowledge/dsa/leetcode-companywise/I/ibm
  - technical-knowledge/dsa/leetcode-companywise/I/iit-bombay
  - technical-knowledge/dsa/leetcode-companywise/I/imc
  - technical-knowledge/dsa/leetcode-companywise/I/impact-analytics
  - technical-knowledge/dsa/leetcode-companywise/I/increff
  - technical-knowledge/dsa/leetcode-companywise/I/indeed
  - technical-knowledge/dsa/leetcode-companywise/I/info-edge
  - technical-knowledge/dsa/leetcode-companywise/I/informatica
  - technical-knowledge/dsa/leetcode-companywise/I/infosys
  - technical-knowledge/dsa/leetcode-companywise/I/inmobi
  - technical-knowledge/dsa/leetcode-companywise/I/innovaccer
  - technical-knowledge/dsa/leetcode-companywise/I/instabase
  - technical-knowledge/dsa/leetcode-companywise/I/instacart
  - technical-knowledge/dsa/leetcode-companywise/I/intel
  - technical-knowledge/dsa/leetcode-companywise/I/interactive-brokers
  - technical-knowledge/dsa/leetcode-companywise/I/intercom
  - technical-knowledge/dsa/leetcode-companywise/I/intuit
  - technical-knowledge/dsa/leetcode-companywise/I/ivp
  - technical-knowledge/dsa/leetcode-companywise/I/ixigo
  - technical-knowledge/dsa/leetcode-companywise/I/ixl
  - technical-knowledge/dsa/leetcode-companywise/J/jane-street
  - technical-knowledge/dsa/leetcode-companywise/J/jd
  - technical-knowledge/dsa/leetcode-companywise/J/jeavio
  - technical-knowledge/dsa/leetcode-companywise/J/jetbrains
  - technical-knowledge/dsa/leetcode-companywise/J/jingchi
  - technical-knowledge/dsa/leetcode-companywise/J/jio
  - technical-knowledge/dsa/leetcode-companywise/J/josh-technology
  - technical-knowledge/dsa/leetcode-companywise/J/jpmorgan
  - technical-knowledge/dsa/leetcode-companywise/J/jtg
  - technical-knowledge/dsa/leetcode-companywise/J/jump-trading
  - technical-knowledge/dsa/leetcode-companywise/J/junglee-games
  - technical-knowledge/dsa/leetcode-companywise/J/juspay
  - technical-knowledge/dsa/leetcode-companywise/J/justworks
  - technical-knowledge/dsa/leetcode-companywise/K/kakao
  - technical-knowledge/dsa/leetcode-companywise/K/karat
  - technical-knowledge/dsa/leetcode-companywise/K/keeptruckin
  - technical-knowledge/dsa/leetcode-companywise/K/kickdrum
  - technical-knowledge/dsa/leetcode-companywise/K/kla
  - technical-knowledge/dsa/leetcode-companywise/K/kla-tencor
  - technical-knowledge/dsa/leetcode-companywise/K/kotak-mahindra-bank
  - technical-knowledge/dsa/leetcode-companywise/K/kpit
  - technical-knowledge/dsa/leetcode-companywise/K/kpmg
  - technical-knowledge/dsa/leetcode-companywise/L/lacework
  - technical-knowledge/dsa/leetcode-companywise/L/larsen-toubro
  - technical-knowledge/dsa/leetcode-companywise/L/leap-motion
  - technical-knowledge/dsa/leetcode-companywise/L/lendingkart
  - technical-knowledge/dsa/leetcode-companywise/L/lenskart
  - technical-knowledge/dsa/leetcode-companywise/L/lg-electronics
  - technical-knowledge/dsa/leetcode-companywise/L/liberty-mutual
  - technical-knowledge/dsa/leetcode-companywise/L/liftoff
  - technical-knowledge/dsa/leetcode-companywise/L/lime
  - technical-knowledge/dsa/leetcode-companywise/L/line
  - technical-knowledge/dsa/leetcode-companywise/L/linkedin
  - technical-knowledge/dsa/leetcode-companywise/L/liveramp
  - technical-knowledge/dsa/leetcode-companywise/L/livspace
  - technical-knowledge/dsa/leetcode-companywise/L/lowe
  - technical-knowledge/dsa/leetcode-companywise/L/lti
  - technical-knowledge/dsa/leetcode-companywise/L/lucid
  - technical-knowledge/dsa/leetcode-companywise/L/luxoft
  - technical-knowledge/dsa/leetcode-companywise/L/lyft
  - technical-knowledge/dsa/leetcode-companywise/M/machine-zone
  - technical-knowledge/dsa/leetcode-companywise/M/machinezone
  - technical-knowledge/dsa/leetcode-companywise/M/maersk
  - technical-knowledge/dsa/leetcode-companywise/M/makemytrip
  - technical-knowledge/dsa/leetcode-companywise/M/mapbox
  - technical-knowledge/dsa/leetcode-companywise/M/maq-software
  - technical-knowledge/dsa/leetcode-companywise/M/marqeta
  - technical-knowledge/dsa/leetcode-companywise/M/mastercard
  - technical-knowledge/dsa/leetcode-companywise/M/mathworks
  - technical-knowledge/dsa/leetcode-companywise/M/mcafee
  - technical-knowledge/dsa/leetcode-companywise/M/mcdonalds
  - technical-knowledge/dsa/leetcode-companywise/M/mckinsey
  - technical-knowledge/dsa/leetcode-companywise/M/medianet
  - technical-knowledge/dsa/leetcode-companywise/M/meesho
  - technical-knowledge/dsa/leetcode-companywise/M/meituan
  - technical-knowledge/dsa/leetcode-companywise/M/mercari
  - technical-knowledge/dsa/leetcode-companywise/M/meta
  - technical-knowledge/dsa/leetcode-companywise/M/micro1
  - technical-knowledge/dsa/leetcode-companywise/M/microsoft
  - technical-knowledge/dsa/leetcode-companywise/M/microstrategy
  - technical-knowledge/dsa/leetcode-companywise/M/millennium
  - technical-knowledge/dsa/leetcode-companywise/M/mindtickle
  - technical-knowledge/dsa/leetcode-companywise/M/mindtree
  - technical-knowledge/dsa/leetcode-companywise/M/mishipay
  - technical-knowledge/dsa/leetcode-companywise/M/mitsogo
  - technical-knowledge/dsa/leetcode-companywise/M/mixpanel
  - technical-knowledge/dsa/leetcode-companywise/M/mobileye
  - technical-knowledge/dsa/leetcode-companywise/M/mobisy
  - technical-knowledge/dsa/leetcode-companywise/M/moengage
  - technical-knowledge/dsa/leetcode-companywise/M/moloco
  - technical-knowledge/dsa/leetcode-companywise/M/moneylion
  - technical-knowledge/dsa/leetcode-companywise/M/mongodb
  - technical-knowledge/dsa/leetcode-companywise/M/morgan-stanley
  - technical-knowledge/dsa/leetcode-companywise/M/moveworks
  - technical-knowledge/dsa/leetcode-companywise/M/msci
  - technical-knowledge/dsa/leetcode-companywise/M/murex
  - technical-knowledge/dsa/leetcode-companywise/M/mykaarma
  - technical-knowledge/dsa/leetcode-companywise/M/myntra
  - technical-knowledge/dsa/leetcode-companywise/N/nagarro
  - technical-knowledge/dsa/leetcode-companywise/N/nasdaq
  - technical-knowledge/dsa/leetcode-companywise/N/national-instruments
  - technical-knowledge/dsa/leetcode-companywise/N/national-payments-coorperation-india
  - technical-knowledge/dsa/leetcode-companywise/N/natwest
  - technical-knowledge/dsa/leetcode-companywise/N/navan
  - technical-knowledge/dsa/leetcode-companywise/N/naver
  - technical-knowledge/dsa/leetcode-companywise/N/navi
  - technical-knowledge/dsa/leetcode-companywise/N/ncr
  - technical-knowledge/dsa/leetcode-companywise/N/nerdwallet
  - technical-knowledge/dsa/leetcode-companywise/N/netapp
  - technical-knowledge/dsa/leetcode-companywise/N/netcracker-technology
  - technical-knowledge/dsa/leetcode-companywise/N/netease
  - technical-knowledge/dsa/leetcode-companywise/N/netflix
  - technical-knowledge/dsa/leetcode-companywise/N/netskope
  - technical-knowledge/dsa/leetcode-companywise/N/netsuite
  - technical-knowledge/dsa/leetcode-companywise/N/newsbreak
  - technical-knowledge/dsa/leetcode-companywise/N/nextdoor
  - technical-knowledge/dsa/leetcode-companywise/N/nextjump
  - technical-knowledge/dsa/leetcode-companywise/N/nference
  - technical-knowledge/dsa/leetcode-companywise/N/niantic
  - technical-knowledge/dsa/leetcode-companywise/N/nielsen
  - technical-knowledge/dsa/leetcode-companywise/N/nike
  - technical-knowledge/dsa/leetcode-companywise/N/nokia
  - technical-knowledge/dsa/leetcode-companywise/N/noon
  - technical-knowledge/dsa/leetcode-companywise/N/nordstrom
  - technical-knowledge/dsa/leetcode-companywise/N/notion
  - technical-knowledge/dsa/leetcode-companywise/N/npci
  - technical-knowledge/dsa/leetcode-companywise/N/nuro
  - technical-knowledge/dsa/leetcode-companywise/N/nutanix
  - technical-knowledge/dsa/leetcode-companywise/N/nvidia
  - technical-knowledge/dsa/leetcode-companywise/N/nykaa
  - technical-knowledge/dsa/leetcode-companywise/O/observeai
  - technical-knowledge/dsa/leetcode-companywise/O/odoo
  - technical-knowledge/dsa/leetcode-companywise/O/okta
  - technical-knowledge/dsa/leetcode-companywise/O/okx
  - technical-knowledge/dsa/leetcode-companywise/O/olx
  - technical-knowledge/dsa/leetcode-companywise/O/openai
  - technical-knowledge/dsa/leetcode-companywise/O/opentext
  - technical-knowledge/dsa/leetcode-companywise/O/oppo
  - technical-knowledge/dsa/leetcode-companywise/O/optiver
  - technical-knowledge/dsa/leetcode-companywise/O/optum
  - technical-knowledge/dsa/leetcode-companywise/O/oracle
  - technical-knowledge/dsa/leetcode-companywise/O/oscar-health
  - technical-knowledge/dsa/leetcode-companywise/O/otterai
  - technical-knowledge/dsa/leetcode-companywise/O/oyo
  - technical-knowledge/dsa/leetcode-companywise/O/ozon
  - technical-knowledge/dsa/leetcode-companywise/P/palantir-technologies
  - technical-knowledge/dsa/leetcode-companywise/P/palo-alto-networks
  - technical-knowledge/dsa/leetcode-companywise/P/park
  - technical-knowledge/dsa/leetcode-companywise/P/patreon
  - technical-knowledge/dsa/leetcode-companywise/P/paycom
  - technical-knowledge/dsa/leetcode-companywise/P/paypal
  - technical-knowledge/dsa/leetcode-companywise/P/paypay
  - technical-knowledge/dsa/leetcode-companywise/P/paytm
  - technical-knowledge/dsa/leetcode-companywise/P/payu
  - technical-knowledge/dsa/leetcode-companywise/P/peak6
  - technical-knowledge/dsa/leetcode-companywise/P/pega
  - technical-knowledge/dsa/leetcode-companywise/P/peloton
  - technical-knowledge/dsa/leetcode-companywise/P/persistent-systems
  - technical-knowledge/dsa/leetcode-companywise/P/philips
  - technical-knowledge/dsa/leetcode-companywise/P/phonepe
  - technical-knowledge/dsa/leetcode-companywise/P/pickrr
  - technical-knowledge/dsa/leetcode-companywise/P/pinterest
  - technical-knowledge/dsa/leetcode-companywise/P/plaid
  - technical-knowledge/dsa/leetcode-companywise/P/playsimple
  - technical-knowledge/dsa/leetcode-companywise/P/pocket-gems
  - technical-knowledge/dsa/leetcode-companywise/P/point72
  - technical-knowledge/dsa/leetcode-companywise/P/polar
  - technical-knowledge/dsa/leetcode-companywise/P/ponyai
  - technical-knowledge/dsa/leetcode-companywise/P/pornhub
  - technical-knowledge/dsa/leetcode-companywise/P/porter
  - technical-knowledge/dsa/leetcode-companywise/P/poshmark
  - technical-knowledge/dsa/leetcode-companywise/P/postman
  - technical-knowledge/dsa/leetcode-companywise/P/postmates
  - technical-knowledge/dsa/leetcode-companywise/P/poynt
  - technical-knowledge/dsa/leetcode-companywise/P/practo
  - technical-knowledge/dsa/leetcode-companywise/P/publicis-sapient
  - technical-knowledge/dsa/leetcode-companywise/P/pubmatic
  - technical-knowledge/dsa/leetcode-companywise/P/pure
  - technical-knowledge/dsa/leetcode-companywise/P/pure-storage
  - technical-knowledge/dsa/leetcode-companywise/P/purplle
  - technical-knowledge/dsa/leetcode-companywise/P/pwc
  - technical-knowledge/dsa/leetcode-companywise/Q/qualcomm
  - technical-knowledge/dsa/leetcode-companywise/Q/qualtrics
  - technical-knowledge/dsa/leetcode-companywise/Q/qualys
  - technical-knowledge/dsa/leetcode-companywise/Q/quantcast
  - technical-knowledge/dsa/leetcode-companywise/Q/quantiphi
  - technical-knowledge/dsa/leetcode-companywise/Q/quince
  - technical-knowledge/dsa/leetcode-companywise/Q/quora
  - technical-knowledge/dsa/leetcode-companywise/R/rackspace
  - technical-knowledge/dsa/leetcode-companywise/R/radius
  - technical-knowledge/dsa/leetcode-companywise/R/rakuten
  - technical-knowledge/dsa/leetcode-companywise/R/rally-health
  - technical-knowledge/dsa/leetcode-companywise/R/ramp-2
  - technical-knowledge/dsa/leetcode-companywise/R/razorpay
  - technical-knowledge/dsa/leetcode-companywise/R/rbc
  - technical-knowledge/dsa/leetcode-companywise/R/redbus
  - technical-knowledge/dsa/leetcode-companywise/R/reddit
  - technical-knowledge/dsa/leetcode-companywise/R/redfin
  - technical-knowledge/dsa/leetcode-companywise/R/remitly
  - technical-knowledge/dsa/leetcode-companywise/R/retailmenot
  - technical-knowledge/dsa/leetcode-companywise/R/revolut
  - technical-knowledge/dsa/leetcode-companywise/R/riot-games
  - technical-knowledge/dsa/leetcode-companywise/R/ripple
  - technical-knowledge/dsa/leetcode-companywise/R/rippling
  - technical-knowledge/dsa/leetcode-companywise/R/rivian
  - technical-knowledge/dsa/leetcode-companywise/R/robinhood
  - technical-knowledge/dsa/leetcode-companywise/R/roblox
  - technical-knowledge/dsa/leetcode-companywise/R/rokt
  - technical-knowledge/dsa/leetcode-companywise/R/roku
  - technical-knowledge/dsa/leetcode-companywise/R/rubrik
  - technical-knowledge/dsa/leetcode-companywise/S/salesforce
  - technical-knowledge/dsa/leetcode-companywise/S/sambanova
  - technical-knowledge/dsa/leetcode-companywise/S/samsara
  - technical-knowledge/dsa/leetcode-companywise/S/samsung
  - technical-knowledge/dsa/leetcode-companywise/S/sap
  - technical-knowledge/dsa/leetcode-companywise/S/scale-ai
  - technical-knowledge/dsa/leetcode-companywise/S/scaler
  - technical-knowledge/dsa/leetcode-companywise/S/schlumberger
  - technical-knowledge/dsa/leetcode-companywise/S/schneider-electric
  - technical-knowledge/dsa/leetcode-companywise/S/schrodinger
  - technical-knowledge/dsa/leetcode-companywise/S/sentry
  - technical-knowledge/dsa/leetcode-companywise/S/servicenow
  - technical-knowledge/dsa/leetcode-companywise/S/sharechat
  - technical-knowledge/dsa/leetcode-companywise/S/shift-technology
  - technical-knowledge/dsa/leetcode-companywise/S/shipsy
  - technical-knowledge/dsa/leetcode-companywise/S/shopee
  - technical-knowledge/dsa/leetcode-companywise/S/shopify
  - technical-knowledge/dsa/leetcode-companywise/S/siemens
  - technical-knowledge/dsa/leetcode-companywise/S/sig
  - technical-knowledge/dsa/leetcode-companywise/S/sigmoid
  - technical-knowledge/dsa/leetcode-companywise/S/singlestore
  - technical-knowledge/dsa/leetcode-companywise/S/sixt
  - technical-knowledge/dsa/leetcode-companywise/S/slice
  - technical-knowledge/dsa/leetcode-companywise/S/smartnews
  - technical-knowledge/dsa/leetcode-companywise/S/smartsheet
  - technical-knowledge/dsa/leetcode-companywise/S/snapchat
  - technical-knowledge/dsa/leetcode-companywise/S/snapdeal
  - technical-knowledge/dsa/leetcode-companywise/S/snowflake
  - technical-knowledge/dsa/leetcode-companywise/S/societe-generale
  - technical-knowledge/dsa/leetcode-companywise/S/sofi
  - technical-knowledge/dsa/leetcode-companywise/S/softwire
  - technical-knowledge/dsa/leetcode-companywise/S/sonatus
  - technical-knowledge/dsa/leetcode-companywise/S/sony
  - technical-knowledge/dsa/leetcode-companywise/S/soti
  - technical-knowledge/dsa/leetcode-companywise/S/soundhound
  - technical-knowledge/dsa/leetcode-companywise/S/spacex
  - technical-knowledge/dsa/leetcode-companywise/S/spinny
  - technical-knowledge/dsa/leetcode-companywise/S/splunk
  - technical-knowledge/dsa/leetcode-companywise/S/spotify
  - technical-knowledge/dsa/leetcode-companywise/S/sprinklr
  - technical-knowledge/dsa/leetcode-companywise/S/square
  - technical-knowledge/dsa/leetcode-companywise/S/squarepoint-capital
  - technical-knowledge/dsa/leetcode-companywise/S/squarespace
  - technical-knowledge/dsa/leetcode-companywise/S/stackadapt
  - technical-knowledge/dsa/leetcode-companywise/S/stackline
  - technical-knowledge/dsa/leetcode-companywise/S/starbucks
  - technical-knowledge/dsa/leetcode-companywise/S/state-farm
  - technical-knowledge/dsa/leetcode-companywise/S/strava
  - technical-knowledge/dsa/leetcode-companywise/S/stripe
  - technical-knowledge/dsa/leetcode-companywise/S/sumologic
  - technical-knowledge/dsa/leetcode-companywise/S/swiggy
  - technical-knowledge/dsa/leetcode-companywise/S/syfe
  - technical-knowledge/dsa/leetcode-companywise/S/symantec
  - technical-knowledge/dsa/leetcode-companywise/S/synopsys
  - technical-knowledge/dsa/leetcode-companywise/T/ta-digital
  - technical-knowledge/dsa/leetcode-companywise/T/tableau
  - technical-knowledge/dsa/leetcode-companywise/T/tanium
  - technical-knowledge/dsa/leetcode-companywise/T/target
  - technical-knowledge/dsa/leetcode-companywise/T/tcs
  - technical-knowledge/dsa/leetcode-companywise/T/tech-mahindra
  - technical-knowledge/dsa/leetcode-companywise/T/tekion
  - technical-knowledge/dsa/leetcode-companywise/T/tencent
  - technical-knowledge/dsa/leetcode-companywise/T/teradata
  - technical-knowledge/dsa/leetcode-companywise/T/tesco
  - technical-knowledge/dsa/leetcode-companywise/T/tesla
  - technical-knowledge/dsa/leetcode-companywise/T/texas-instruments
  - technical-knowledge/dsa/leetcode-companywise/T/the-trade-desk
  - technical-knowledge/dsa/leetcode-companywise/T/thomson-reuters
  - technical-knowledge/dsa/leetcode-companywise/T/thoughtspot
  - technical-knowledge/dsa/leetcode-companywise/T/thoughtworks
  - technical-knowledge/dsa/leetcode-companywise/T/thousandeyes
  - technical-knowledge/dsa/leetcode-companywise/T/thumbtack
  - technical-knowledge/dsa/leetcode-companywise/T/tiaa
  - technical-knowledge/dsa/leetcode-companywise/T/tiger-analytics
  - technical-knowledge/dsa/leetcode-companywise/T/tiktok
  - technical-knowledge/dsa/leetcode-companywise/T/tinder
  - technical-knowledge/dsa/leetcode-companywise/T/tinkoff
  - technical-knowledge/dsa/leetcode-companywise/T/toast
  - technical-knowledge/dsa/leetcode-companywise/T/tokopedia
  - technical-knowledge/dsa/leetcode-companywise/T/tomtom
  - technical-knowledge/dsa/leetcode-companywise/T/toptal
  - technical-knowledge/dsa/leetcode-companywise/T/tower-research
  - technical-knowledge/dsa/leetcode-companywise/T/tracxn
  - technical-knowledge/dsa/leetcode-companywise/T/traveloka
  - technical-knowledge/dsa/leetcode-companywise/T/trend-micro
  - technical-knowledge/dsa/leetcode-companywise/T/trexquant
  - technical-knowledge/dsa/leetcode-companywise/T/trilogy
  - technical-knowledge/dsa/leetcode-companywise/T/tripactions
  - technical-knowledge/dsa/leetcode-companywise/T/tripadvisor
  - technical-knowledge/dsa/leetcode-companywise/T/triplebyte
  - technical-knowledge/dsa/leetcode-companywise/T/turing
  - technical-knowledge/dsa/leetcode-companywise/T/turo
  - technical-knowledge/dsa/leetcode-companywise/T/turvo
  - technical-knowledge/dsa/leetcode-companywise/T/tusimple
  - technical-knowledge/dsa/leetcode-companywise/T/twilio
  - technical-knowledge/dsa/leetcode-companywise/T/twitch
  - technical-knowledge/dsa/leetcode-companywise/T/twitter
  - technical-knowledge/dsa/leetcode-companywise/T/two-sigma
  - technical-knowledge/dsa/leetcode-companywise/U/uber
  - technical-knowledge/dsa/leetcode-companywise/U/ubs
  - technical-knowledge/dsa/leetcode-companywise/U/udemy
  - technical-knowledge/dsa/leetcode-companywise/U/uipath
  - technical-knowledge/dsa/leetcode-companywise/U/ukg
  - technical-knowledge/dsa/leetcode-companywise/U/unbxd
  - technical-knowledge/dsa/leetcode-companywise/U/unity
  - technical-knowledge/dsa/leetcode-companywise/U/unstop
  - technical-knowledge/dsa/leetcode-companywise/U/upstart
  - technical-knowledge/dsa/leetcode-companywise/U/urban-company
  - technical-knowledge/dsa/leetcode-companywise/U/ust
  - technical-knowledge/dsa/leetcode-companywise/V/valve
  - technical-knowledge/dsa/leetcode-companywise/V/veeva
  - technical-knowledge/dsa/leetcode-companywise/V/verily
  - technical-knowledge/dsa/leetcode-companywise/V/veritas
  - technical-knowledge/dsa/leetcode-companywise/V/verizon
  - technical-knowledge/dsa/leetcode-companywise/V/verkada
  - technical-knowledge/dsa/leetcode-companywise/V/viasat
  - technical-knowledge/dsa/leetcode-companywise/V/vimeo
  - technical-knowledge/dsa/leetcode-companywise/V/virtu
  - technical-knowledge/dsa/leetcode-companywise/V/virtusa
  - technical-knowledge/dsa/leetcode-companywise/V/visa
  - technical-knowledge/dsa/leetcode-companywise/V/vk
  - technical-knowledge/dsa/leetcode-companywise/V/vmware
  - technical-knowledge/dsa/leetcode-companywise/W/walmart-labs
  - technical-knowledge/dsa/leetcode-companywise/W/warnermedia
  - technical-knowledge/dsa/leetcode-companywise/W/watchguard
  - technical-knowledge/dsa/leetcode-companywise/W/wayfair
  - technical-knowledge/dsa/leetcode-companywise/W/waymo
  - technical-knowledge/dsa/leetcode-companywise/W/wayve
  - technical-knowledge/dsa/leetcode-companywise/W/wealthfront
  - technical-knowledge/dsa/leetcode-companywise/W/wells-fargo
  - technical-knowledge/dsa/leetcode-companywise/W/weride
  - technical-knowledge/dsa/leetcode-companywise/W/western-digital
  - technical-knowledge/dsa/leetcode-companywise/W/whatfix
  - technical-knowledge/dsa/leetcode-companywise/W/whatnot
  - technical-knowledge/dsa/leetcode-companywise/W/winzo
  - technical-knowledge/dsa/leetcode-companywise/W/wipro
  - technical-knowledge/dsa/leetcode-companywise/W/wise
  - technical-knowledge/dsa/leetcode-companywise/W/wish
  - technical-knowledge/dsa/leetcode-companywise/W/wissen
  - technical-knowledge/dsa/leetcode-companywise/W/wix
  - technical-knowledge/dsa/leetcode-companywise/W/workday
  - technical-knowledge/dsa/leetcode-companywise/W/works-applications
  - technical-knowledge/dsa/leetcode-companywise/W/worldquant
  - technical-knowledge/dsa/leetcode-companywise/W/woven-by-toyota
  - technical-knowledge/dsa/leetcode-companywise/X/xing
  - technical-knowledge/dsa/leetcode-companywise/Y/yahoo
  - technical-knowledge/dsa/leetcode-companywise/Y/yandex
  - technical-knowledge/dsa/leetcode-companywise/Y/yatra
  - technical-knowledge/dsa/leetcode-companywise/Y/yelp
  - technical-knowledge/dsa/leetcode-companywise/Y/yext
  - technical-knowledge/dsa/leetcode-companywise/Y/yugabyte
  - technical-knowledge/dsa/leetcode-companywise/Z/zalando
  - technical-knowledge/dsa/leetcode-companywise/Z/zappos
  - technical-knowledge/dsa/leetcode-companywise/Z/zemoso
  - technical-knowledge/dsa/leetcode-companywise/Z/zendesk
  - technical-knowledge/dsa/leetcode-companywise/Z/zenefits
  - technical-knowledge/dsa/leetcode-companywise/Z/zepto
  - technical-knowledge/dsa/leetcode-companywise/Z/zeta
  - technical-knowledge/dsa/leetcode-companywise/Z/zeta-suite
  - technical-knowledge/dsa/leetcode-companywise/Z/zillow
  - technical-knowledge/dsa/leetcode-companywise/Z/zip
  - technical-knowledge/dsa/leetcode-companywise/Z/ziprecruiter
  - technical-knowledge/dsa/leetcode-companywise/Z/zluri
  - technical-knowledge/dsa/leetcode-companywise/Z/zocdoc
  - technical-knowledge/dsa/leetcode-companywise/Z/zoho
  - technical-knowledge/dsa/leetcode-companywise/Z/zomato
  - technical-knowledge/dsa/leetcode-companywise/Z/zoom
  - technical-knowledge/dsa/leetcode-companywise/Z/zoox
  - technical-knowledge/dsa/leetcode-companywise/Z/zopsmart
  - technical-knowledge/dsa/leetcode-companywise/Z/zs-associates
  - technical-knowledge/dsa/leetcode-companywise/Z/zscaler
  - technical-knowledge/dsa/leetcode-companywise/Z/zulily
  - technical-knowledge/dsa/leetcode-companywise/Z/zynga
  - technical-knowledge/dsa/week-1-arrays-strings-prefix-sums
  - technical-knowledge/dsa/week-10-recursion-backtracking
  - technical-knowledge/dsa/week-11-intervals-sweep-line
  - technical-knowledge/dsa/week-12-heaps-greedy
  - technical-knowledge/dsa/week-13-dynamic-programming-1d
  - technical-knowledge/dsa/week-14-dynamic-programming-2d
  - technical-knowledge/dsa/week-15-advanced-sliding-windows
  - technical-knowledge/dsa/week-16-tries-prefix-trees
  - technical-knowledge/dsa/week-17-shortest-paths-mst
  - technical-knowledge/dsa/week-18-disjoint-set-union
  - technical-knowledge/dsa/week-19-bit-manipulation-math
  - technical-knowledge/dsa/week-2-two-pointers-sliding-window
  - technical-knowledge/dsa/week-20-comprehensive-review-systems
  - technical-knowledge/dsa/week-3-linked-lists-pointers
  - technical-knowledge/dsa/week-4-hash-tables-sets
  - technical-knowledge/dsa/week-5-stacks-queues-monotonic
  - technical-knowledge/dsa/week-6-binary-trees-bst
  - technical-knowledge/dsa/week-7-graph-foundations
  - technical-knowledge/dsa/week-8-advanced-graph-concepts
  - technical-knowledge/dsa/week-9-binary-search
  - technical-knowledge/git/advanced/bisect
  - technical-knowledge/git/advanced/config-aliases
  - technical-knowledge/git/advanced/hooks
  - technical-knowledge/git/advanced/worktree
  - technical-knowledge/git/basics/add
  - technical-knowledge/git/basics/commit
  - technical-knowledge/git/basics/fetch-pull
  - technical-knowledge/git/basics/push
  - technical-knowledge/git/basics/status-diff
  - technical-knowledge/git/branching/branches
  - technical-knowledge/git/branching/conflict-resolution
  - technical-knowledge/git/branching/merge
  - technical-knowledge/git/branching/rebase
  - technical-knowledge/git/collaboration/remotes
  - technical-knowledge/git/collaboration/stash
  - technical-knowledge/git/collaboration/submodules
  - technical-knowledge/git/collaboration/tags
  - technical-knowledge/git/history/cherry-pick
  - technical-knowledge/git/history/fixup
  - technical-knowledge/git/history/log-blame
  - technical-knowledge/git/history/reflog
  - technical-knowledge/git/history/reset-revert
  - technical-knowledge/git/history/squash
  - technical-knowledge/git/intro
  - technical-knowledge/git/workflows/conventional-commits
  - technical-knowledge/git/workflows/git-flow
  - technical-knowledge/git/workflows/pull-request-best-practices
  - technical-knowledge/git/workflows/trunk-based
  - technical-knowledge/interview-questions/genz-career/java-collections-interview-questions
  - technical-knowledge/interview-questions/genz-career/java-interview-questions-100
  - technical-knowledge/interview-questions/genz-career/java-interview-questions-trickiest
  - technical-knowledge/interview-questions/genz-career/java-multithreading-interview-guide
  - technical-knowledge/interview-questions/genz-career/java-oops-interview-guide
  - technical-knowledge/interview-questions/genz-career/mock-interview/java-spring-boot-14-years-interview-detailed
  - technical-knowledge/interview-questions/genz-career/mock/accenture-java-springboot-interview-3-years
  - technical-knowledge/interview-questions/genz-career/mock/cognizant-java-developer-interview-3-years
  - technical-knowledge/interview-questions/genz-career/mock/epam-java-developer-interview-experience
  - technical-knowledge/interview-questions/genz-career/mock/hcl-java-developer-interview-experience
  - technical-knowledge/interview-questions/genz-career/mock/ibm-java-springboot-interview-3-years
  - technical-knowledge/interview-questions/genz-career/mock/paytm-java-developer-interview-first-round
  - technical-knowledge/interview-questions/genz-career/mock/tcs-java-springboot-interview-3-years
  - technical-knowledge/interview-questions/genz-career/mock/tcs-ninja-nqt-interview-experience
  - technical-knowledge/interview-questions/genz-career/mock/wipro-java-springboot-interview-3-years
  - technical-knowledge/interview-questions/genz-career/spring-boot/real-time-spring-boot-interview-questions
  - technical-knowledge/interview-questions/genz-career/spring-boot/scenario-based-springboot-interview-questions
  - technical-knowledge/interview-questions/genz-career/spring-boot/spring-boot-tricky-interview-questions
  - technical-knowledge/interview-questions/genz-career/spring-boot/spring-boot-tricky-interview-questions-2
  - technical-knowledge/interview-questions/genz-career/spring-boot/spring-boot-tricky-interview-questions-3
  - technical-knowledge/interview-questions/genz-career/spring-boot/spring-boot-tricky-interview-questions-4
  - technical-knowledge/interview-questions/genz-career/spring-boot/top-spring-security-interview-questions
  - technical-knowledge/interview-questions/grokking-java/java-interview-answers-part-1
  - technical-knowledge/interview-questions/grokking-java/java-interview-answers-part-2
  - technical-knowledge/interview-questions/grokking-java/java-interview-answers-part-3
  - technical-knowledge/interview-questions/grokking-java/java-interview-answers-part-4
  - technical-knowledge/interview-questions/grokking-java/java-interview-answers-part-5
  - technical-knowledge/interview-questions/java/break-singleton-java
  - technical-knowledge/interview-questions/java/concurrent-collections-interview
  - technical-knowledge/interview-questions/java/concurrent-collections-tricky
  - technical-knowledge/interview-questions/java/exception-handling-advanced
  - technical-knowledge/interview-questions/java/experienced-java-backend-interview
  - technical-knowledge/interview-questions/java/java-8-optional-crud
  - technical-knowledge/interview-questions/java/java-8-tricky-interview-questions
  - technical-knowledge/interview-questions/java/java-collections-differences
  - technical-knowledge/interview-questions/java/java-collections-interview
  - technical-knowledge/interview-questions/java/java-collections-interview-p2
  - technical-knowledge/interview-questions/java/java-comprehensive-interview
  - technical-knowledge/interview-questions/java/java-date-time-api
  - technical-knowledge/interview-questions/java/java-experienced-interview-p1
  - technical-knowledge/interview-questions/java/java-interview-questions
  - technical-knowledge/interview-questions/java/java-lead-interview-scenarios
  - technical-knowledge/interview-questions/java/java-multithreading-interview
  - technical-knowledge/interview-questions/java/java-runtime-exceptions
  - technical-knowledge/interview-questions/java/java-string-basics
  - technical-knowledge/interview-questions/java/java-string-rotation
  - technical-knowledge/interview-questions/java/java-tricky-core-questions
  - technical-knowledge/interview-questions/java/spring-boot-interview
  - technical-knowledge/interview-questions/java/spring-boot-real-time-questions
  - technical-knowledge/interview-questions/java/sql-interview-questions
  - technical-knowledge/interview-questions/java/tricky-java-interview
  - technical-knowledge/java/java-aqs-internals
  - technical-knowledge/java/java-collections
  - technical-knowledge/java/java-concurrency
  - technical-knowledge/java/java-fundamentals
  - technical-knowledge/java/java-interview-questions
  - technical-knowledge/java/java-io
  - technical-knowledge/java/java-jvm
  - technical-knowledge/java/java-new-features
  - technical-knowledge/java/java-oop
  - technical-knowledge/java/java-overview
  - technical-knowledge/java/java-stack-vs-heap
  - technical-knowledge/java/java-threads-and-locks
  - technical-knowledge/java/java-virtual-threads
  - technical-knowledge/kafka/advanced/exactly-once
  - technical-knowledge/kafka/advanced/exactly-once-vs-dedup
  - technical-knowledge/kafka/advanced/kafka-connect
  - technical-knowledge/kafka/advanced/kafka-streams-deep-dive
  - technical-knowledge/kafka/advanced/kafka-throughput-optimization
  - technical-knowledge/kafka/advanced/monitoring-operations
  - technical-knowledge/kafka/advanced/order-messages
  - technical-knowledge/kafka/advanced/rebalance-storms
  - technical-knowledge/kafka/advanced/schema-registry
  - technical-knowledge/kafka/consumer/consumer-group
  - technical-knowledge/kafka/consumer/consumer-overview
  - technical-knowledge/kafka/consumer/parallel-consumer
  - technical-knowledge/kafka/consumer/parallel-consumer-deep-dive
  - technical-knowledge/kafka/core/broker
  - technical-knowledge/kafka/core/kafka-overview
  - technical-knowledge/kafka/core/kraft-vs-zookeeper
  - technical-knowledge/kafka/core/partition
  - technical-knowledge/kafka/core/replication
  - technical-knowledge/kafka/core/topic
  - technical-knowledge/kafka/interview/interview-advanced
  - technical-knowledge/kafka/interview/interview-core
  - technical-knowledge/kafka/interview/interview-producer-consumer
  - technical-knowledge/kafka/intro
  - technical-knowledge/kafka/producer/producer-acks
  - technical-knowledge/kafka/producer/producer-idempotency
  - tech[INFO] Docusaurus version: 3.10.0
Node version: v22.16.0
